// Jest Snapshot v1, https://goo.gl/fbAQLP

exports[`ChatBubble Render should render correctly 1`] = `ShallowWrapper {}`;
