// Jest Snapshot v1, https://goo.gl/fbAQLP

exports[`Chat should render correctly 1`] = `ShallowWrapper {}`;
