// Jest Snapshot v1, https://goo.gl/fbAQLP

exports[`ChatBubble should render correctly 1`] = `
ShallowWrapper {
  Symbol(enzyme.__root__): [Circular],
  Symbol(enzyme.__unrendered__): <ChatBubble
    id="b03569ae-ccbf-4975-8040-4daba638b407"
    message="Integer a nibh. In quis justo. Maecenas rhoncus aliquam lacus."
    sender={
      Object {
        "avatar": "http://dummyimage.com/100x100.png/5fa2dd/ffffff",
        "email": "mbradley0@google.it",
        "firstName": "Martin",
        "id": "e837c9f5-247f-445f-bcc3-7d434348336b",
        "ip": "166.124.172.160",
        "lastName": "Bradley",
      }
    }
    timestamp="2016-11-09T05:04:58Z"
    userId="16373df5-da0a-4074-8295-f916b94269f4"
  />,
  Symbol(enzyme.__renderer__): Object {
    "batchedUpdates": [Function],
    "getNode": [Function],
    "render": [Function],
    "simulateEvent": [Function],
    "unmount": [Function],
  },
  Symbol(enzyme.__node__): Object {
    "instance": null,
    "key": undefined,
    "nodeType": "host",
    "props": Object {
      "children": Array [
        <div
          className="chat-bubble__body"
        >
          <div
            className="chat-bubble__avatar"
          >
            <img
              alt="profile"
              src="http://dummyimage.com/100x100.png/5fa2dd/ffffff"
            />
          </div>
          <div
            className="chat-bubble__message"
          >
            <span>
              Integer a nibh. In quis justo. Maecenas rhoncus aliquam lacus.
            </span>
          </div>
        </div>,
        <div
          className="chat-bubble__date"
        >
          <span>
            09 Nov 2016 - 05:04
          </span>
        </div>,
        <div
          className="chat-bubble__email"
        >
          <span>
            mbradley0@google.it
          </span>
        </div>,
      ],
      "className": "chat-bubble",
    },
    "ref": null,
    "rendered": Array [
      Object {
        "instance": null,
        "key": undefined,
        "nodeType": "host",
        "props": Object {
          "children": Array [
            <div
              className="chat-bubble__avatar"
            >
              <img
                alt="profile"
                src="http://dummyimage.com/100x100.png/5fa2dd/ffffff"
              />
            </div>,
            <div
              className="chat-bubble__message"
            >
              <span>
                Integer a nibh. In quis justo. Maecenas rhoncus aliquam lacus.
              </span>
            </div>,
          ],
          "className": "chat-bubble__body",
        },
        "ref": null,
        "rendered": Array [
          Object {
            "instance": null,
            "key": undefined,
            "nodeType": "host",
            "props": Object {
              "children": <img
                alt="profile"
                src="http://dummyimage.com/100x100.png/5fa2dd/ffffff"
              />,
              "className": "chat-bubble__avatar",
            },
            "ref": null,
            "rendered": Object {
              "instance": null,
              "key": undefined,
              "nodeType": "host",
              "props": Object {
                "alt": "profile",
                "src": "http://dummyimage.com/100x100.png/5fa2dd/ffffff",
              },
              "ref": null,
              "rendered": null,
              "type": "img",
            },
            "type": "div",
          },
          Object {
            "instance": null,
            "key": undefined,
            "nodeType": "host",
            "props": Object {
              "children": <span>
                Integer a nibh. In quis justo. Maecenas rhoncus aliquam lacus.
              </span>,
              "className": "chat-bubble__message",
            },
            "ref": null,
            "rendered": Object {
              "instance": null,
              "key": undefined,
              "nodeType": "host",
              "props": Object {
                "children": "Integer a nibh. In quis justo. Maecenas rhoncus aliquam lacus.",
              },
              "ref": null,
              "rendered": "Integer a nibh. In quis justo. Maecenas rhoncus aliquam lacus.",
              "type": "span",
            },
            "type": "div",
          },
        ],
        "type": "div",
      },
      Object {
        "instance": null,
        "key": undefined,
        "nodeType": "host",
        "props": Object {
          "children": <span>
            09 Nov 2016 - 05:04
          </span>,
          "className": "chat-bubble__date",
        },
        "ref": null,
        "rendered": Object {
          "instance": null,
          "key": undefined,
          "nodeType": "host",
          "props": Object {
            "children": "09 Nov 2016 - 05:04",
          },
          "ref": null,
          "rendered": "09 Nov 2016 - 05:04",
          "type": "span",
        },
        "type": "div",
      },
      Object {
        "instance": null,
        "key": undefined,
        "nodeType": "host",
        "props": Object {
          "children": <span>
            mbradley0@google.it
          </span>,
          "className": "chat-bubble__email",
        },
        "ref": null,
        "rendered": Object {
          "instance": null,
          "key": undefined,
          "nodeType": "host",
          "props": Object {
            "children": "mbradley0@google.it",
          },
          "ref": null,
          "rendered": "mbradley0@google.it",
          "type": "span",
        },
        "type": "div",
      },
    ],
    "type": "div",
  },
  Symbol(enzyme.__nodes__): Array [
    Object {
      "instance": null,
      "key": undefined,
      "nodeType": "host",
      "props": Object {
        "children": Array [
          <div
            className="chat-bubble__body"
          >
            <div
              className="chat-bubble__avatar"
            >
              <img
                alt="profile"
                src="http://dummyimage.com/100x100.png/5fa2dd/ffffff"
              />
            </div>
            <div
              className="chat-bubble__message"
            >
              <span>
                Integer a nibh. In quis justo. Maecenas rhoncus aliquam lacus.
              </span>
            </div>
          </div>,
          <div
            className="chat-bubble__date"
          >
            <span>
              09 Nov 2016 - 05:04
            </span>
          </div>,
          <div
            className="chat-bubble__email"
          >
            <span>
              mbradley0@google.it
            </span>
          </div>,
        ],
        "className": "chat-bubble",
      },
      "ref": null,
      "rendered": Array [
        Object {
          "instance": null,
          "key": undefined,
          "nodeType": "host",
          "props": Object {
            "children": Array [
              <div
                className="chat-bubble__avatar"
              >
                <img
                  alt="profile"
                  src="http://dummyimage.com/100x100.png/5fa2dd/ffffff"
                />
              </div>,
              <div
                className="chat-bubble__message"
              >
                <span>
                  Integer a nibh. In quis justo. Maecenas rhoncus aliquam lacus.
                </span>
              </div>,
            ],
            "className": "chat-bubble__body",
          },
          "ref": null,
          "rendered": Array [
            Object {
              "instance": null,
              "key": undefined,
              "nodeType": "host",
              "props": Object {
                "children": <img
                  alt="profile"
                  src="http://dummyimage.com/100x100.png/5fa2dd/ffffff"
                />,
                "className": "chat-bubble__avatar",
              },
              "ref": null,
              "rendered": Object {
                "instance": null,
                "key": undefined,
                "nodeType": "host",
                "props": Object {
                  "alt": "profile",
                  "src": "http://dummyimage.com/100x100.png/5fa2dd/ffffff",
                },
                "ref": null,
                "rendered": null,
                "type": "img",
              },
              "type": "div",
            },
            Object {
              "instance": null,
              "key": undefined,
              "nodeType": "host",
              "props": Object {
                "children": <span>
                  Integer a nibh. In quis justo. Maecenas rhoncus aliquam lacus.
                </span>,
                "className": "chat-bubble__message",
              },
              "ref": null,
              "rendered": Object {
                "instance": null,
                "key": undefined,
                "nodeType": "host",
                "props": Object {
                  "children": "Integer a nibh. In quis justo. Maecenas rhoncus aliquam lacus.",
                },
                "ref": null,
                "rendered": "Integer a nibh. In quis justo. Maecenas rhoncus aliquam lacus.",
                "type": "span",
              },
              "type": "div",
            },
          ],
          "type": "div",
        },
        Object {
          "instance": null,
          "key": undefined,
          "nodeType": "host",
          "props": Object {
            "children": <span>
              09 Nov 2016 - 05:04
            </span>,
            "className": "chat-bubble__date",
          },
          "ref": null,
          "rendered": Object {
            "instance": null,
            "key": undefined,
            "nodeType": "host",
            "props": Object {
              "children": "09 Nov 2016 - 05:04",
            },
            "ref": null,
            "rendered": "09 Nov 2016 - 05:04",
            "type": "span",
          },
          "type": "div",
        },
        Object {
          "instance": null,
          "key": undefined,
          "nodeType": "host",
          "props": Object {
            "children": <span>
              mbradley0@google.it
            </span>,
            "className": "chat-bubble__email",
          },
          "ref": null,
          "rendered": Object {
            "instance": null,
            "key": undefined,
            "nodeType": "host",
            "props": Object {
              "children": "mbradley0@google.it",
            },
            "ref": null,
            "rendered": "mbradley0@google.it",
            "type": "span",
          },
          "type": "div",
        },
      ],
      "type": "div",
    },
  ],
  Symbol(enzyme.__options__): Object {
    "adapter": ReactSixteenAdapter {
      "options": Object {
        "enableComponentDidUpdateOnSetState": true,
        "lifecycles": Object {
          "componentDidUpdate": Object {
            "onSetState": true,
          },
          "getDerivedStateFromProps": true,
          "getSnapshotBeforeUpdate": true,
          "setState": Object {
            "skipsComponentDidUpdateOnNullish": true,
          },
        },
      },
    },
    "attachTo": undefined,
    "hydrateIn": undefined,
  },
}
`;
