// Jest Snapshot v1, https://goo.gl/fbAQLP

exports[`Chat should render correctly 1`] = `
ShallowWrapper {
  Symbol(enzyme.__root__): [Circular],
  Symbol(enzyme.__unrendered__): <Chat
    fetchData={
      [MockFunction] {
        "calls": Array [
          Array [],
        ],
      }
    }
    messages={Array []}
  />,
  Symbol(enzyme.__renderer__): Object {
    "batchedUpdates": [Function],
    "getNode": [Function],
    "render": [Function],
    "simulateEvent": [Function],
    "unmount": [Function],
  },
  Symbol(enzyme.__node__): Object {
    "instance": null,
    "key": undefined,
    "nodeType": "host",
    "props": Object {
      "children": Array [
        false,
        false,
        false,
      ],
      "className": "chat",
    },
    "ref": null,
    "rendered": Array [
      false,
      false,
      false,
    ],
    "type": "div",
  },
  Symbol(enzyme.__nodes__): Array [
    Object {
      "instance": null,
      "key": undefined,
      "nodeType": "host",
      "props": Object {
        "children": Array [
          false,
          false,
          false,
        ],
        "className": "chat",
      },
      "ref": null,
      "rendered": Array [
        false,
        false,
        false,
      ],
      "type": "div",
    },
  ],
  Symbol(enzyme.__options__): Object {
    "adapter": ReactSixteenAdapter {
      "options": Object {
        "enableComponentDidUpdateOnSetState": true,
        "lifecycles": Object {
          "componentDidUpdate": Object {
            "onSetState": true,
          },
          "getDerivedStateFromProps": true,
          "getSnapshotBeforeUpdate": true,
          "setState": Object {
            "skipsComponentDidUpdateOnNullish": true,
          },
        },
      },
    },
    "attachTo": undefined,
    "hydrateIn": undefined,
  },
}
`;
